// Jest Snapshot v1, https://goo.gl/fbAQLP

exports[`protoc-gen-customtype-patches plugin generates \`Set\` instance with all the types that have reference to fields with custom type option 1`] = `
"import type * as _protos_customtype from "../protos/customtype_pb.none";
import { Dec } from "../../encoding/customTypes/Dec.none";

const t = {
  "akash.test.functional.PetOwner"(value: _protos_customtype.PetOwner, transformType: 'encode' | 'decode') {
    if (value == null) return value;
    const newValue = { ...value };
    if (value.pet != null) newValue.pet = t["akash.test.functional.Pet"](value.pet, transformType);
    return newValue;
  },
  "akash.test.functional.Pet"(value: _protos_customtype.Pet, transformType: 'encode' | 'decode') {
    if (value == null) return value;
    const newValue = { ...value };
    if (value.value?.case === "dog") {
      newValue.dog = {
        ...value.value,
        value: t["akash.test.functional.Dog"](value.value.value, transformType)
      };
    }
    return newValue;
  },
  "akash.test.functional.Dog"(value: _protos_customtype.Dog, transformType: 'encode' | 'decode') {
    if (value == null) return value;
    const newValue = { ...value };
    if (value.name != null) newValue.name = Dec[transformType](value.name);
    return newValue;
  },
  "akash.test.functional.PetClub"(value: _protos_customtype.PetClub, transformType: 'encode' | 'decode') {
    if (value == null) return value;
    const newValue = { ...value };
    if (value.members) newValue.members = value.members.map((item) => t["akash.test.functional.PetOwner"](item, transformType));;
    if (value.allDogs) newValue.allDogs = value.allDogs.map((item) => t["akash.test.functional.Dog"](item, transformType));;
    if (value.ownerToDog) {
      newValue.ownerToDog = {};
      Object.keys(value.ownerToDog).forEach(k => newValue.ownerToDog[k] = t["akash.test.functional.Dog"](value.ownerToDog[k], transformType));
    }
    return newValue;
  },
  "akash.test.functional.PetClubItemsQueryResponse"(value: _protos_customtype.PetClubItemsQueryResponse, transformType: 'encode' | 'decode') {
    if (value == null) return value;
    const newValue = { ...value };
    if (value.items) newValue.items = value.items.map((item) => t["akash.test.functional.PetClub"](item, transformType));
    return newValue;
  },
  "akash.test.functional.Money"(value: _protos_customtype.Money, transformType: 'encode' | 'decode') {
    if (value == null) return value;
    const newValue = { ...value };
    if (value.amount != null) newValue.amount = Dec[transformType](value.amount);
    return newValue;
  }
};

export const transformations = t;
"
`;
